Array
(
    [user] => Array
        (
            [id] => 2
            [username] => leon
        )

)
create_post.php at: 2026-04-17 18:21:11
SESSION: Array
(
    [user] => Array
        (
            [id] => 2
            [username] => leon
        )

)

POST: Array
(
)

create_post.php at: 2026-04-17 18:21:30
SESSION: Array
(
    [user] => Array
        (
            [id] => 1
            [username] => dummy
        )

)

POST: Array
(
)

create_post.php at: 2026-04-17 18:41:05
SESSION: Array
(
    [user] => Array
        (
            [id] => 1
            [username] => leon
        )

)

POST: Array
(
)

create_post.php at: 2026-04-17 18:41:08
SESSION: Array
(
    [user] => Array
        (
            [id] => 1
            [username] => leon
        )

)

POST: Array
(
    [content] => test
)

create_post.php at: 2026-04-17 18:44:19
SESSION: Array
(
    [user] => Array
        (
            [id] => 1
            [username] => dummy
        )

)

POST: Array
(
)

